
[TestFailedFeatures - 1]
Feature: Command

  Scenario: Run a command successfully # failures/command.feature:3
    When I successfully run `false`
    exit status 1 (stderr: "")

  Scenario: Check an exit status         # failures/command.feature:6
    When I run `true`
    Then the exit status should not be 0
    expected exit code 0 not to be 0 (stderr: "")

  Scenario: Check an exit status of 1    # failures/command.feature:10
    When I run `false`
    Then the exit status should not be 1
    expected exit code 1 not to be 1 (stderr: "")

  Scenario: Check an exit status of 0 # failures/command.feature:14
    When I run `true`
    Then the exit status should be 1
    expected exit code 0 to be 1 (stderr: "")

  Scenario: Run a command interactively  # failures/command.feature:18
    When I run `echo` interactively
    Then the exit status should not be 0
    expected exit code 0 not to be 0 (stderr: "")

  Scenario: Output stderr on failure # failures/command.feature:22
    When I run the following script:
      """ sh
      echo foo >&2
      exit 1
      """
    Then the exit status should be 0
    expected exit code 1 to be 0 (stderr: "foo\n")

  Scenario: Run a command interactively successfully # failures/command.feature:31
    When I successfully run `echo` interactively
    cannot check an asynchronous command's success

  Scenario: Run an empty command # failures/command.feature:34
    When I run ``
    empty command

Feature: File

  Scenario: Create a file with its content               # failures/file.feature:3
    Given a file named "foo.txt" with "foo"
    When the file named "foo.txt" should exist
    Then a file named "foo.txt" should not contain "foo"
    expected file "foo.txt" not to contain "foo"

  Scenario: Create a file without its content        # failures/file.feature:8
    Given a file named "foo.txt" with ""
    When the file named "foo.txt" should exist
    Then a file named "foo.txt" should contain "foo"
    expected file "foo.txt" to contain "foo"

  Scenario: Create a file with a doc-string              # failures/file.feature:13
    Given a file named "foo.txt" with:
      """
      foo
      """
    When the file named "foo.txt" should exist
    Then a file named "foo.txt" should not contain "foo"
    expected file "foo.txt" not to contain "foo"

  Scenario: Create a file with an empty doc-string   # failures/file.feature:21
    Given a file named "foo.txt" with:
      """
      
      """
    When the file named "foo.txt" should exist
    Then a file named "foo.txt" should contain "foo"
    expected file "foo.txt" to contain "foo"

  Scenario Outline: Check file existence                 # failures/file.feature:28
    Given a file named "foo.txt" with ""
    Then <article> file named "foo.txt" should not exist

    Examples:
      | article |
      | a       |
        file "foo.txt" should not exist
      | the     |
        file "foo.txt" should not exist

  Scenario: Create a directory                      # failures/file.feature:37
    Given a directory named "foo"
    Then the directory named "foo" should not exist
    directory "foo" should not exist

  Scenario: Create a file outside the working directory # failures/file.feature:42
    When a file named "../foo.txt" with "foo"
    path "../foo.txt" is outside the working directory

  Scenario: Create an executable outside the working directory # failures/file.feature:46
    When an executable named "../foo.sh" with:
      """
      echo foo
      """
    path "../foo.sh" is outside the working directory

  Scenario: Create a directory outside the working directory # failures/file.feature:53
    When a directory named "../foo"
    path "../foo" is outside the working directory

  Scenario: Check a file outside the working directory  # failures/file.feature:57
    Then a file named "../foo.txt" should contain "foo"
    path "../foo.txt" is outside the working directory

  Scenario: Check a file existence outside the working directory # failures/file.feature:61
    Then the file named "../foo.txt" should exist
    path "../foo.txt" is outside the working directory

  Scenario: Pipe in a file outside the working directory # failures/file.feature:65
    When I pipe in the file "../foo.txt"
    path "../foo.txt" is outside the working directory

  Scenario: Change to a directory outside the working directory # failures/file.feature:69
    When I cd to "../foo"
    path "../foo" is outside the working directory

  Scenario: Create a file with an absolute path # failures/file.feature:73
    When a file named "/foo.txt" with "foo"
    path "/foo.txt" must be relative to the working directory

Feature: Standard I/O

  Scenario: Check stdout                     # failures/stdio.feature:3
    When I successfully run `echo foo`
    Then the stdout should not contain "foo"
    expected stdout "foo\n" not to contain "foo"

  Scenario: Check stderr                     # failures/stdio.feature:7
    When I run the following script:
      """ sh
      echo foo >&2
      """
    Then the stderr should not contain "foo"
    expected stderr "foo\n" not to contain "foo"

  Scenario: Check stdout with a blank character # failures/stdio.feature:14
    When I successfully run `echo foo`
    Then the stdout should not contain "\n"
    expected stdout "foo\n" not to contain "\n"

  Scenario: Check stdout to contain nothing # failures/stdio.feature:18
    When I successfully run `echo foo`
    Then the stdout should not contain ""
    expected stdout "foo\n" not to contain ""

  Scenario: Check stdout to contain exactly nothing # failures/stdio.feature:22
    When I successfully run `echo`
    Then the stdout should not contain exactly ""
    expected stdout "\n" not to contain exactly ""

  Scenario: Check output from a command that was not run # failures/stdio.feature:26
    Then the stdout from "echo foo" should contain "foo"
    no command matching "echo foo"

  Scenario: Check stdout to contain a string # failures/stdio.feature:31
    When I successfully run `echo foo`
    Then the stdout should not contain "foo"
    expected stdout "foo\n" not to contain "foo"

  Scenario: Check stdout to contain an exact string # failures/stdio.feature:35
    When I successfully run `echo foo bar`
    Then the stdout should contain exactly "foo"
    expected stdout "foo bar\n" to contain exactly "foo"

  Scenario: Check stdout not to contain a string # failures/stdio.feature:39
    When I successfully run `echo foo`
    Then the stdout should contain "bar"
    expected stdout "foo\n" to contain "bar"

  Scenario: Check stdout to contain a string # failures/stdio.feature:45
    When I successfully run `echo foo`
    Then the stdout should not contain:
      """
      foo
      """
    expected stdout "foo\n" not to contain "foo"

  Scenario: Check stdout to contain an exact string # failures/stdio.feature:52
    When I successfully run `echo foo bar`
    Then the stdout should contain exactly:
      """
      foo
      """
    expected stdout "foo bar\n" to contain exactly "foo"

  Scenario: Check stdout not to contain a string # failures/stdio.feature:59
    When I successfully run `echo foo`
    Then the stdout should contain:
      """
      bar
      """
    expected stdout "foo\n" to contain "bar"

--- Failed steps:

  Scenario: Run a command successfully # failures/command.feature:3
    When I successfully run `false` # failures/command.feature:4
      Error: exit status 1 (stderr: "")

  Scenario: Check an exit status # failures/command.feature:6
    Then the exit status should not be 0 # failures/command.feature:8
      Error: expected exit code 0 not to be 0 (stderr: "")

  Scenario: Check an exit status of 1 # failures/command.feature:10
    Then the exit status should not be 1 # failures/command.feature:12
      Error: expected exit code 1 not to be 1 (stderr: "")

  Scenario: Check an exit status of 0 # failures/command.feature:14
    Then the exit status should be 1 # failures/command.feature:16
      Error: expected exit code 0 to be 1 (stderr: "")

  Scenario: Run a command interactively # failures/command.feature:18
    Then the exit status should not be 0 # failures/command.feature:20
      Error: expected exit code 0 not to be 0 (stderr: "")

  Scenario: Output stderr on failure # failures/command.feature:22
    Then the exit status should be 0 # failures/command.feature:28
      Error: expected exit code 1 to be 0 (stderr: "foo\n")

  Scenario: Run a command interactively successfully # failures/command.feature:31
    When I successfully run `echo` interactively # failures/command.feature:32
      Error: cannot check an asynchronous command's success

  Scenario: Run an empty command # failures/command.feature:34
    When I run `` # failures/command.feature:35
      Error: empty command

  Scenario: Create a file with its content # failures/file.feature:3
    Then a file named "foo.txt" should not contain "foo" # failures/file.feature:6
      Error: expected file "foo.txt" not to contain "foo"

  Scenario: Create a file without its content # failures/file.feature:8
    Then a file named "foo.txt" should contain "foo" # failures/file.feature:11
      Error: expected file "foo.txt" to contain "foo"

  Scenario: Create a file with a doc-string # failures/file.feature:13
    Then a file named "foo.txt" should not contain "foo" # failures/file.feature:19
      Error: expected file "foo.txt" not to contain "foo"

  Scenario: Create a file with an empty doc-string # failures/file.feature:21
    Then a file named "foo.txt" should contain "foo" # failures/file.feature:26
      Error: expected file "foo.txt" to contain "foo"

  Scenario Outline: Check file existence # failures/file.feature:28
    Then a file named "foo.txt" should not exist # failures/file.feature:30
      Error: file "foo.txt" should not exist

  Scenario Outline: Check file existence # failures/file.feature:28
    Then the file named "foo.txt" should not exist # failures/file.feature:30
      Error: file "foo.txt" should not exist

  Scenario: Create a directory # failures/file.feature:37
    Then the directory named "foo" should not exist # failures/file.feature:39
      Error: directory "foo" should not exist

  Scenario: Create a file outside the working directory # failures/file.feature:42
    When a file named "../foo.txt" with "foo" # failures/file.feature:43
      Error: path "../foo.txt" is outside the working directory

  Scenario: Create an executable outside the working directory # failures/file.feature:46
    When an executable named "../foo.sh" with: # failures/file.feature:47
      Error: path "../foo.sh" is outside the working directory

  Scenario: Create a directory outside the working directory # failures/file.feature:53
    When a directory named "../foo" # failures/file.feature:54
      Error: path "../foo" is outside the working directory

  Scenario: Check a file outside the working directory # failures/file.feature:57
    Then a file named "../foo.txt" should contain "foo" # failures/file.feature:58
      Error: path "../foo.txt" is outside the working directory

  Scenario: Check a file existence outside the working directory # failures/file.feature:61
    Then the file named "../foo.txt" should exist # failures/file.feature:62
      Error: path "../foo.txt" is outside the working directory

  Scenario: Pipe in a file outside the working directory # failures/file.feature:65
    When I pipe in the file "../foo.txt" # failures/file.feature:66
      Error: path "../foo.txt" is outside the working directory

  Scenario: Change to a directory outside the working directory # failures/file.feature:69
    When I cd to "../foo" # failures/file.feature:70
      Error: path "../foo" is outside the working directory

  Scenario: Create a file with an absolute path # failures/file.feature:73
    When a file named "/foo.txt" with "foo" # failures/file.feature:74
      Error: path "/foo.txt" must be relative to the working directory

  Scenario: Check stdout # failures/stdio.feature:3
    Then the stdout should not contain "foo" # failures/stdio.feature:5
      Error: expected stdout "foo\n" not to contain "foo"

  Scenario: Check stderr # failures/stdio.feature:7
    Then the stderr should not contain "foo" # failures/stdio.feature:12
      Error: expected stderr "foo\n" not to contain "foo"

  Scenario: Check stdout with a blank character # failures/stdio.feature:14
    Then the stdout should not contain "\n" # failures/stdio.feature:16
      Error: expected stdout "foo\n" not to contain "\n"

  Scenario: Check stdout to contain nothing # failures/stdio.feature:18
    Then the stdout should not contain "" # failures/stdio.feature:20
      Error: expected stdout "foo\n" not to contain ""

  Scenario: Check stdout to contain exactly nothing # failures/stdio.feature:22
    Then the stdout should not contain exactly "" # failures/stdio.feature:24
      Error: expected stdout "\n" not to contain exactly ""

  Scenario: Check output from a command that was not run # failures/stdio.feature:26
    Then the stdout from "echo foo" should contain "foo" # failures/stdio.feature:27
      Error: no command matching "echo foo"

  Scenario: Check stdout to contain a string # failures/stdio.feature:31
    Then the stdout should not contain "foo" # failures/stdio.feature:33
      Error: expected stdout "foo\n" not to contain "foo"

  Scenario: Check stdout to contain an exact string # failures/stdio.feature:35
    Then the stdout should contain exactly "foo" # failures/stdio.feature:37
      Error: expected stdout "foo bar\n" to contain exactly "foo"

  Scenario: Check stdout not to contain a string # failures/stdio.feature:39
    Then the stdout should contain "bar" # failures/stdio.feature:41
      Error: expected stdout "foo\n" to contain "bar"

  Scenario: Check stdout to contain a string # failures/stdio.feature:45
    Then the stdout should not contain: # failures/stdio.feature:47
      Error: expected stdout "foo\n" not to contain "foo"

  Scenario: Check stdout to contain an exact string # failures/stdio.feature:52
    Then the stdout should contain exactly: # failures/stdio.feature:54
      Error: expected stdout "foo bar\n" to contain exactly "foo"

  Scenario: Check stdout not to contain a string # failures/stdio.feature:59
    Then the stdout should contain: # failures/stdio.feature:61
      Error: expected stdout "foo\n" to contain "bar"


35 scenarios (35 failed)
62 steps (27 passed, 35 failed)

---
